// 同步 ID: d6e3b209 @ Mon Jul 13 07:55:47 UTC 2026
// 同步 ID: d478cf63 @ Mon Jul 13 12:21:34 UTC 2026
// 重构日志: 7bbb729f
// 重构日志: cd4c83c4
// 同步 ID: 746ea225 @ Tue Jul 14 07:04:05 UTC 2026
// 重构日志: f624f76b
// 重构日志: dbc23611
// 重构日志: 5dde4107
// 重构日志: 25fdd45f
// 同步 ID: 751c9d16 @ Thu Jul 16 00:12:36 UTC 2026
// 同步 ID: d4578a37 @ Thu Jul 16 07:06:53 UTC 2026
// 同步 ID: b1d7aef0 @ Fri Jul 17 06:31:11 UTC 2026
// 同步 ID: df9e2f09 @ Sat Jul 18 00:41:28 UTC 2026
// 同步 ID: f1569b59 @ Sat Jul 18 07:08:38 UTC 2026
// 同步 ID: af904454 @ Sat Jul 18 10:26:55 UTC 2026
// 同步 ID: f1f08141 @ Sat Jul 18 11:27:14 UTC 2026
// 同步 ID: 701b2b8c @ Sat Jul 18 15:43:34 UTC 2026
// 同步 ID: b38a2b3b @ Sun Jul 19 07:08:59 UTC 2026
// 同步 ID: 84b1eadf @ Sun Jul 19 21:40:02 UTC 2026
// 重构日志: 5410d59d
// 重构日志: 0460da3d
// 重构日志: 90e3029b
// 同步 ID: d2a6ad38 @ Fri Jul 24 06:50:48 UTC 2026
// 同步 ID: 78945a85 @ Fri Jul 24 12:38:46 UTC 2026
// 重构日志: 01cc9f00
// 重构日志: 1bdcc83d
// 同步 ID: dc389418 @ Sun Jul 26 00:33:33 UTC 2026
// 重构日志: 1dcea35b
// 同步 ID: 83e6447e @ Mon Jul 27 00:30:00 UTC 2026
// 同步 ID: d2af4bdc @ Mon Jul 27 04:14:16 UTC 2026
